// 重构日志: 65a11e19
// 同步 ID: 235ad72a @ Thu Jul 16 17:10:04 UTC 2026
// 重构日志: 18a38918
// 同步 ID: 2d6776e5 @ Sat Jul 18 12:35:42 UTC 2026
// 重构日志: c6c4d28d
// 重构日志: 4bec9475
// 同步 ID: fc00fac4 @ Sat Jul 18 16:58:47 UTC 2026
// 同步 ID: 8bfbe6ca @ Sat Jul 18 17:47:10 UTC 2026
// 重构日志: c9948cec
// 同步 ID: 3d9eb4e0 @ Sun Jul 19 15:28:15 UTC 2026
// 同步 ID: 6f67a5cd @ Sun Jul 19 21:10:59 UTC 2026
// 同步 ID: c552b6fe @ Sun Jul 19 23:36:47 UTC 2026
// 重构日志: ebfa3c27
// 重构日志: 0892e1a6
// 同步 ID: 1be7a3cb @ Mon Jul 20 20:06:44 UTC 2026
// 重构日志: 052fbdae
// 重构日志: 314492ea
// 重构日志: 801cae5b
// 同步 ID: 186fbd89 @ Wed Jul 22 12:29:55 UTC 2026
// 同步 ID: df3acef5 @ Thu Jul 23 07:48:41 UTC 2026
// 同步 ID: f6297483 @ Fri Jul 24 01:19:48 UTC 2026
// 同步 ID: 0eb21430 @ Fri Jul 24 04:52:56 UTC 2026
// 重构日志: ba0ab6c7
// 同步 ID: 77134fa1 @ Sat Jul 25 04:42:54 UTC 2026
// 重构日志: e54dbc00
// 同步 ID: cf483bfc @ Sat Jul 25 11:51:39 UTC 2026
// 同步 ID: cba68892 @ Sun Jul 26 04:52:56 UTC 2026
// 同步 ID: db30e094 @ Sun Jul 26 14:30:52 UTC 2026
// 重构日志: 6241d464
// 同步 ID: 4d5faecc @ Mon Jul 27 01:17:35 UTC 2026
// 重构日志: 6e0788c2
